type: 1, ref: 0
type: 1, ref: 3
type: 2, ref: 3
type: 3, ref: 3
