[94;1mPASS [0m   hiwire_num_refs() == 0
[94;1mPASS [0m   hiwire_num_refs() == 1
[94;1mPASS [0m   hiwire_num_refs() == 2
[94;1mPASS [0m   hiwire_num_refs() == 3
[94;1mPASS [0m   hiwire_num_refs() == 4
[94;1mPASS [0m   ref_to_int(hiwire_get(id1)) == 5
[94;1mPASS [0m   ref_to_int(hiwire_get(id2)) == 7
[94;1mPASS [0m   ref_to_int(hiwire_get(id3)) == 10
[94;1mPASS [0m   ref_to_int(hiwire_get(id4)) == 12
[94;1mPASS [0m   hiwire_num_refs() == 3
[94;1mPASS [0m   is_null(hiwire_get(id1))
[94;1mPASS [0m   ref_to_int(hiwire_get(id2)) == 7
[94;1mPASS [0m   ref_to_int(hiwire_get(id3)) == 10
[94;1mPASS [0m   ref_to_int(hiwire_get(id4)) == 12
[94;1mPASS [0m   is_null(hiwire_get(id1))
[94;1mPASS [0m   ref_to_int(hiwire_get(id2)) == 7
[94;1mPASS [0m   is_null(hiwire_get(id3))
[94;1mPASS [0m   ref_to_int(hiwire_get(id4)) == 12
[94;1mPASS [0m   hiwire_num_refs() == 2
[94;1mPASS [0m   hiwire_num_refs() == 1
[94;1mPASS [0m   hiwire_num_refs() == 0
[94;1mPASS [0m   is_null(hiwire_get(id1))
[94;1mPASS [0m   is_null(hiwire_get(id2))
[94;1mPASS [0m   is_null(hiwire_get(id3))
[94;1mPASS [0m   is_null(hiwire_get(id4))
