realloc! 4096
realloc! 8192
realloc! 12288
realloc! 16384
realloc! 20480
[94;1mPASS [0m
[94;1mPASS [0m
